[www.speechtexter.com/index.html]
[backblue.gif]
[fade.gif]
[index.html]
[www.speechtexter.com/style8e5e.css]
[www.speechtexter.com/manifest.json]
[www.speechtexter.com/img/icon_192.png]
[www.speechtexter.com/favicon.ico]
[www.speechtexter.com/img/og_speechtexter.jpg]
[pagead2.googlesyndication.com/pagead/js/f639a.txt]
[www.speechtexter.com/img/t1.webp]
[www.speechtexter.com/img/default-audio-input-mic.webp]
[www.speechtexter.com/img/first-time-allow-mic.webp]
[www.speechtexter.com/img/speechtexter-mobile-first-time-use.webp]
[www.speechtexter.com/img/speechtexter-android-first-time-use.webp]
[www.speechtexter.com/img/allow-microphone.webp]
[www.speechtexter.com/img/how-to-enable-stereo-mix.webp]
[www.speechtexter.com/img/voice-commands-list.webp]
[www.speechtexter.com/img/speechtexter-android-import-files.webp]
[www.speechtexter.com/img/speechtexter-mobile-enable-microphone.webp]
[www.speechtexter.com/terms.html]
[www.speechtexter.com/privacy.html]
[www.speechtexter.com/index.html]
[www.speechtexter.com/style8e5e.css]
[www.speechtexter.com/script4c33.js]
[www.speechtexter.com/terms.html]
[www.speechtexter.com/privacy.html]
[www.speechtexter.com/style46e5.css]
[www.speechtexter.com/style46e5.css]
